#-----------------------------------------------------------
# Vivado v2024.2 (64-bit)
# SW Build 5239630 on Fri Nov 08 22:35:27 MST 2024
# IP Build 5239520 on Sun Nov 10 16:12:51 MST 2024
# SharedData Build 5239561 on Fri Nov 08 14:39:27 MST 2024
# Start of session at: Tue Mar  3 10:22:21 2026
# Process ID         : 34392
# Current directory  : C:/Users/C27Jeff.Kwon/Downloads/ECE_281/curly-octo-journey
# Command line       : vivado.exe -gui_launcher_event rodinguilauncherevent23880 C:\Users\C27Jeff.Kwon\Downloads\ECE_281\curly-octo-journey\binaryHexDisp.xpr
# Log file           : C:/Users/C27Jeff.Kwon/Downloads/ECE_281/curly-octo-journey/vivado.log
# Journal file       : C:/Users/C27Jeff.Kwon/Downloads/ECE_281/curly-octo-journey\vivado.jou
# Running On         : C27-5CG31326YT
# Platform           : Windows Server 2016 or Windows 10
# Operating System   : 22631
# Processor Detail   : AMD Ryzen 7 PRO 6850U with Radeon Graphics     
# CPU Frequency      : 2695 MHz
# CPU Physical cores : 8
# CPU Logical cores  : 16
# Host memory        : 16442 MB
# Swap memory        : 10200 MB
# Total Virtual      : 26643 MB
# Available Virtual  : 10659 MB
#-----------------------------------------------------------
start_gui
open_project C:/Users/C27Jeff.Kwon/Downloads/ECE_281/curly-octo-journey/binaryHexDisp.xpr
